nohup: ignoring input
Loading module for Snakemake
Snakemake 7.32.3 is now loaded
No dry-run
snakemake -rp --configfile config/config.yml --conda-prefix /ibex/user/naras0c/conda-environments/ --use-conda --conda-frontend mamba --jobs 200 --cluster-config config/ibex_cluster_config.yml --cluster "sbatch -p {cluster.partition} -N {cluster.nodes} -n {cluster.ntasks} -c {cluster.ncpus} -t {cluster.time} --mem {cluster.mem_gb} --mail-user {cluster.mail-user} --job-name {cluster.job-name} --output {cluster.stdout}" --cluster-cancel scancel --notemp -s workflows/metagenomics/assembly.smk
Building DAG of jobs...
Using shell: /usr/bin/bash
Provided cluster nodes: 200
Job stats:
job                        count
-----------------------  -------
all                            1
bwa_index_assembly             1
bwa_mapping_on_assembly        1
flagstat_assembly_bam          1
megahit                        1
total                          5

Select jobs to execute...

[Fri Feb 16 11:02:35 2024]
rule megahit:
    input: /ibex/scratch/projects/c2188/soil_experiment/metagenomics/preprocessing/U1/U1_R1.processed.filtered.fastq.gz, /ibex/scratch/projects/c2188/soil_experiment/metagenomics/preprocessing/U1/U1_R2.processed.filtered.fastq.gz, /ibex/scratch/projects/c2188/soil_experiment/metagenomics/preprocessing/U1/U1_SE.processed.filtered.fastq.gz
    output: U1/megahit_assembly/final.contigs.fa
    log: /ibex/scratch/projects/c2188/soil_experiment/metagenomics/assembly/U1/logs/assembly.txt
    jobid: 2
    benchmark: /ibex/scratch/projects/c2188/soil_experiment/metagenomics/assembly/U1/benchmarks/assembly.txt
    reason: Missing output files: U1/megahit_assembly/final.contigs.fa
    wildcards: sample=U1
    threads: 24
    resources: mem_mb=3936, mem_mib=3754, disk_mb=3936, disk_mib=3754, tmpdir=<TBD>, cpus_per_task=24, runtime=2880


       rm -rf U1/megahit_assembly

       megahit -1 /ibex/scratch/projects/c2188/soil_experiment/metagenomics/preprocessing/U1/U1_R1.processed.filtered.fastq.gz -2 /ibex/scratch/projects/c2188/soil_experiment/metagenomics/preprocessing/U1/U1_R2.processed.filtered.fastq.gz        -r /ibex/scratch/projects/c2188/soil_experiment/metagenomics/preprocessing/U1/U1_SE.processed.filtered.fastq.gz        -o U1/megahit_assembly        --presets meta-large        --continue
       
Submitted job 2 with external jobid 'Submitted batch job 32352204'.
[Fri Feb 16 12:22:10 2024]
Finished job 2.
1 of 5 steps (20%) done
Select jobs to execute...

[Fri Feb 16 12:22:10 2024]
rule bwa_index_assembly:
    input: U1/megahit_assembly/final.contigs.fa
    output: U1/megahit_assembly/final.contigs.fa.amb, U1/megahit_assembly/final.contigs.fa.bwt, U1/megahit_assembly/final.contigs.fa.pac, U1/megahit_assembly/final.contigs.fa.ann, U1/megahit_assembly/final.contigs.fa.sa
    log: /ibex/scratch/projects/c2188/soil_experiment/metagenomics/assembly/U1/logs/bwa_indexing.txt
    jobid: 6
    benchmark: /ibex/scratch/projects/c2188/soil_experiment/metagenomics/assembly/U1/benchmarks/bwa_indexing.txt
    reason: Missing output files: U1/megahit_assembly/final.contigs.fa.sa, U1/megahit_assembly/final.contigs.fa.bwt, U1/megahit_assembly/final.contigs.fa.ann, U1/megahit_assembly/final.contigs.fa.pac, U1/megahit_assembly/final.contigs.fa.amb; Input files updated by another job: U1/megahit_assembly/final.contigs.fa
    wildcards: sample=U1
    threads: 6
    resources: mem_mb=100000, mem_mib=95368, disk_mb=1000, disk_mib=954, tmpdir=<TBD>


        bwa index U1/megahit_assembly/final.contigs.fa
        
Submitted job 6 with external jobid 'Submitted batch job 32352321'.
[Fri Feb 16 12:24:51 2024]
Finished job 6.
2 of 5 steps (40%) done
Select jobs to execute...

[Fri Feb 16 12:24:51 2024]
rule bwa_mapping_on_assembly:
    input: /ibex/scratch/projects/c2188/soil_experiment/metagenomics/preprocessing/U1/U1_R1.processed.filtered.fastq.gz, /ibex/scratch/projects/c2188/soil_experiment/metagenomics/preprocessing/U1/U1_R2.processed.filtered.fastq.gz, /ibex/scratch/projects/c2188/soil_experiment/metagenomics/preprocessing/U1/U1_SE.processed.filtered.fastq.gz, U1/megahit_assembly/final.contigs.fa, U1/megahit_assembly/final.contigs.fa.amb, U1/megahit_assembly/final.contigs.fa.bwt, U1/megahit_assembly/final.contigs.fa.pac, U1/megahit_assembly/final.contigs.fa.ann, U1/megahit_assembly/final.contigs.fa.sa
    output: U1/U1.reads.sorted.bam
    log: /ibex/scratch/projects/c2188/soil_experiment/metagenomics/assembly/U1/logs/bwa_mapping.txt
    jobid: 5
    benchmark: /ibex/scratch/projects/c2188/soil_experiment/metagenomics/assembly/U1/benchmarks/bwa_mapping.txt
    reason: Missing output files: U1/U1.reads.sorted.bam; Input files updated by another job: U1/megahit_assembly/final.contigs.fa.ann, U1/megahit_assembly/final.contigs.fa.amb, U1/megahit_assembly/final.contigs.fa.sa, U1/megahit_assembly/final.contigs.fa.bwt, U1/megahit_assembly/final.contigs.fa.pac, U1/megahit_assembly/final.contigs.fa
    wildcards: sample=U1
    threads: 24
    resources: mem_mb=4896, mem_mib=4670, disk_mb=4896, disk_mib=4670, tmpdir=<TBD>, memory=250


        SAMHEADER="@RG\tID:U1\tSM:MG"

        PREFIX=U1/U1.reads
        
        MEM_PER_CORE=$((250/24))

        # merge paired and se
        samtools merge --threads 24 -f $PREFIX.merged.bam          <(bwa mem -v 1 -t 24 -M -R "$SAMHEADER" U1/megahit_assembly/final.contigs.fa /ibex/scratch/projects/c2188/soil_experiment/metagenomics/preprocessing/U1/U1_R1.processed.filtered.fastq.gz /ibex/scratch/projects/c2188/soil_experiment/metagenomics/preprocessing/U1/U1_R2.processed.filtered.fastq.gz 2>> /ibex/scratch/projects/c2188/soil_experiment/metagenomics/assembly/U1/logs/bwa_mapping.txt|          samtools view --threads 24 -bS -)          <(bwa mem -v 1 -t 24 -M -R "$SAMHEADER" U1/megahit_assembly/final.contigs.fa /ibex/scratch/projects/c2188/soil_experiment/metagenomics/preprocessing/U1/U1_SE.processed.filtered.fastq.gz 2>> /ibex/scratch/projects/c2188/soil_experiment/metagenomics/assembly/U1/logs/bwa_mapping.txt|          samtools view --threads 24 -bS -) 2>> /ibex/scratch/projects/c2188/soil_experiment/metagenomics/assembly/U1/logs/bwa_mapping.txt

        # sort
        samtools sort --threads 24 -m ${MEM_PER_CORE}G $PREFIX.merged.bam > $PREFIX.sorted.bam 2>> /ibex/scratch/projects/c2188/soil_experiment/metagenomics/assembly/U1/logs/bwa_mapping.txt
        rm $PREFIX.merged.bam
        
Submitted job 5 with external jobid 'Submitted batch job 32352337'.
[Fri Feb 16 12:28:31 2024]
Finished job 5.
3 of 5 steps (60%) done
Select jobs to execute...

[Fri Feb 16 12:28:31 2024]
rule flagstat_assembly_bam:
    input: U1/U1.reads.sorted.bam
    output: U1/U1.reads.sorted.flagstat.txt
    log: /ibex/scratch/projects/c2188/soil_experiment/metagenomics/assembly/U1/logs/flagstat.txt
    jobid: 8
    benchmark: /ibex/scratch/projects/c2188/soil_experiment/metagenomics/assembly/U1/benchmarks/flagstat.txt
    reason: Missing output files: U1/U1.reads.sorted.flagstat.txt; Input files updated by another job: U1/U1.reads.sorted.bam
    wildcards: sample=U1
    resources: mem_mb=3898, mem_mib=3718, disk_mb=3898, disk_mib=3718, tmpdir=<TBD>


        samtools flagstat U1/U1.reads.sorted.bam > U1/U1.reads.sorted.flagstat.txt
        
Submitted job 8 with external jobid 'Submitted batch job 32352348'.
[Fri Feb 16 12:29:01 2024]
Finished job 8.
4 of 5 steps (80%) done
Select jobs to execute...

[Fri Feb 16 12:29:01 2024]
localrule all:
    input: test_sample/megahit_assembly/final.contigs.fa, U1/megahit_assembly/final.contigs.fa, test_sample/test_sample.reads.sorted.bam, U1/U1.reads.sorted.bam, test_sample/test_sample.reads.sorted.flagstat.txt, U1/U1.reads.sorted.flagstat.txt
    jobid: 0
    reason: Input files updated by another job: U1/U1.reads.sorted.flagstat.txt, U1/U1.reads.sorted.bam, U1/megahit_assembly/final.contigs.fa
    resources: mem_mb=4982, mem_mib=4752, disk_mb=4982, disk_mib=4752, tmpdir=/tmp

[Fri Feb 16 12:29:01 2024]
Finished job 0.
5 of 5 steps (100%) done
Complete log: ../../../../../../../home/naras0c/repositories/github/soil_experiment/.snakemake/log/2024-02-16T110230.890971.snakemake.log
