nohup: ignoring input
flatpak: symbol lookup error: /lib64/libldap.so.2: undefined symbol: EVP_md2, version OPENSSL_3.0.0
No dry-run
snakemake -rp --configfile config/config.yml --conda-prefix /ibex/user/naras0c/conda-environments/ --use-conda --conda-frontend mamba --configfile config/config.yml --jobs 200 --cluster-config config/ibex_cluster_config.yml --cluster "sbatch -p {cluster.partition} -N {cluster.nodes} -n {cluster.ntasks} -c {cluster.ncpus} -t {cluster.time} --mem {cluster.mem_gb} --mail-user {cluster.mail-user} --job-name {cluster.job-name} --output {cluster.stdout}" --cluster-cancel scancel --notemp -s workflows/metagenomics/preprocessing.smk
Building DAG of jobs...
Using shell: /usr/bin/bash
Provided cluster nodes: 200
Job stats:
job                            count
---------------------------  -------
all                                1
sortmerna_filter_paired            1
sortmerna_filter_single            1
sortmerna_index_database           1
sortmerna_prepare_sequences        1
trimmomatic_trimming               1
total                              6

Select jobs to execute...

[Tue Feb 13 18:17:18 2024]
rule sortmerna_prepare_sequences:
    input: /ibex/user/naras0c/genomes/cabbage/ncbi_dataset/data/GCF_000695525.1/GCF_000695525.1_BOL_genomic.fna
    output: /ibex/user/naras0c/sortmerna/cabbage_genome_minlength-20.fasta
    log: logs/pullseq_filter_length.txt
    jobid: 4
    benchmark: benchmarks/pullseq_filter_length.txt
    reason: Missing output files: /ibex/user/naras0c/sortmerna/cabbage_genome_minlength-20.fasta
    resources: mem_mb=1000, mem_mib=954, disk_mb=1000, disk_mib=954, tmpdir=<TBD>, cpus_per_task=4, runtime=2880


        pullseq -i /ibex/user/naras0c/genomes/cabbage/ncbi_dataset/data/GCF_000695525.1/GCF_000695525.1_BOL_genomic.fna -m 20 > /ibex/user/naras0c/sortmerna/cabbage_genome_minlength-20.fasta
	
RuleException in rule sortmerna_prepare_sequences in file /home/naras0c/repositories/github/soil_experiment/workflows/metagenomics/../../rules/metagenomics/preprocessing/sortmerna_index.smk, line 2:
AttributeError: 'Wildcards' object has no attribute 'mem_gb', when formatting the following:
sbatch -p {cluster.partition} -N {cluster.nodes} -n {cluster.ntasks} -c {cluster.ncpus} -t {cluster.time} --mem {cluster.mem_gb} --mail-user {cluster.mail-user} --job-name {cluster.job-name} --output {cluster.stdout}
